[1;32m                            .__  .__               [0m
[1;32m   ________________  ___.__.|  | |__| ____   ____  [0m
[1;32m  / ___\_  __ \__  \<   |  ||  | |  |/    \_/ __ \ [0m
[1;32m / /_/  >  | \// __ \\___  ||  |_|  |   |  \  ___/ [0m
[1;32m \___  /|__|  (____  / ____||____/__|___|  /\___  >[0m
[1;32m/_____/            \/\/                  \/     \/ [0m
[1;32m                       (c) 2026 Crossbar Consortium [0m

[1;37mCONNECTED T1 // DTE 03 // NODE GL-01[0m
[1;37mGRAYLINE.DEV X.25 PUBLIC DATA NETWORK[0m

[1;37mPACKET ASSEMBER/DISSASEMBLER READY[0m
